[    1266ms] [ERROR] Failed to load resource: the server responded with a status of 400 () @ https://jwoqcvynwkfdnomwzrhf.supabase.co/auth/v1/token?grant_type=refresh_token:0
[    1267ms] [ERROR] AuthApiError: Invalid Refresh Token: Refresh Token Not Found
    at handleError2 (http://localhost:4200/@fs/C:/Users/Jose/Desktop/SaasGym/SaasGym/.angular/cache/21.2.8/SaasGym/vite/deps/@supabase_supabase-js.js?v=1775b614:12787:9)
    at async _handleRequest2 (http://localhost:4200/@fs/C:/Users/Jose/Desktop/SaasGym/SaasGym/.angular/cache/21.2.8/SaasGym/vite/deps/@supabase_supabase-js.js?v=1775b614:12828:5)
    at async _request (http://localhost:4200/@fs/C:/Users/Jose/Desktop/SaasGym/SaasGym/.angular/cache/21.2.8/SaasGym/vite/deps/@supabase_supabase-js.js?v=1775b614:12812:16)
    at async http://localhost:4200/@fs/C:/Users/Jose/Desktop/SaasGym/SaasGym/.angular/cache/21.2.8/SaasGym/vite/deps/@supabase_supabase-js.js?v=1775b614:18436:16
    at async http://localhost:4200/@fs/C:/Users/Jose/Desktop/SaasGym/SaasGym/.angular/cache/21.2.8/SaasGym/vite/deps/@supabase_supabase-js.js?v=1775b614:12598:26 @ http://localhost:4200/@fs/C:/Users/Jose/Desktop/SaasGym/SaasGym/.angular/cache/21.2.8/SaasGym/vite/deps/@supabase_supabase-js.js?v=1775b614:18514
[    1280ms] [LOG] Angular is running in development mode. @ http://localhost:4200/@fs/C:/Users/Jose/Desktop/SaasGym/SaasGym/.angular/cache/21.2.8/SaasGym/vite/deps/chunk-FRA7QK43.js?v=1775b614:17069
[    1478ms] [WARNING] NG0913: An image with src http://localhost:4200/img/svima_white.webp has intrinsic file dimensions much larger than its rendered size. This can negatively impact application loading performance. For more information about addressing or disabling this warning, see https://v21.angular.dev/errors/NG0913. Find more at https://v21.angular.dev/errors/NG0913 @ http://localhost:4200/@fs/C:/Users/Jose/Desktop/SaasGym/SaasGym/.angular/cache/21.2.8/SaasGym/vite/deps/chunk-FRA7QK43.js?v=1775b614:26273
[   28402ms] [LOG] Angular is running in development mode. @ http://localhost:4200/@fs/C:/Users/Jose/Desktop/SaasGym/SaasGym/.angular/cache/21.2.8/SaasGym/vite/deps/chunk-FRA7QK43.js?v=1775b614:17069
[   28601ms] [WARNING] NG0913: An image with src http://localhost:4200/img/svima_white.webp has intrinsic file dimensions much larger than its rendered size. This can negatively impact application loading performance. For more information about addressing or disabling this warning, see https://v21.angular.dev/errors/NG0913. Find more at https://v21.angular.dev/errors/NG0913 @ http://localhost:4200/@fs/C:/Users/Jose/Desktop/SaasGym/SaasGym/.angular/cache/21.2.8/SaasGym/vite/deps/chunk-FRA7QK43.js?v=1775b614:26273
[   31876ms] [LOG] Angular is running in development mode. @ http://localhost:4200/@fs/C:/Users/Jose/Desktop/SaasGym/SaasGym/.angular/cache/21.2.8/SaasGym/vite/deps/chunk-FRA7QK43.js?v=1775b614:17069
[   32087ms] [WARNING] NG0913: An image with src http://localhost:4200/img/svima_white.webp has intrinsic file dimensions much larger than its rendered size. This can negatively impact application loading performance. For more information about addressing or disabling this warning, see https://v21.angular.dev/errors/NG0913. Find more at https://v21.angular.dev/errors/NG0913 @ http://localhost:4200/@fs/C:/Users/Jose/Desktop/SaasGym/SaasGym/.angular/cache/21.2.8/SaasGym/vite/deps/chunk-FRA7QK43.js?v=1775b614:26273
[   36549ms] [LOG] Angular is running in development mode. @ http://localhost:4200/@fs/C:/Users/Jose/Desktop/SaasGym/SaasGym/.angular/cache/21.2.8/SaasGym/vite/deps/chunk-FRA7QK43.js?v=1775b614:17069
[   36749ms] [WARNING] NG0913: An image with src http://localhost:4200/img/svima_white.webp has intrinsic file dimensions much larger than its rendered size. This can negatively impact application loading performance. For more information about addressing or disabling this warning, see https://v21.angular.dev/errors/NG0913. Find more at https://v21.angular.dev/errors/NG0913 @ http://localhost:4200/@fs/C:/Users/Jose/Desktop/SaasGym/SaasGym/.angular/cache/21.2.8/SaasGym/vite/deps/chunk-FRA7QK43.js?v=1775b614:26273
[   41443ms] [LOG] Angular is running in development mode. @ http://localhost:4200/@fs/C:/Users/Jose/Desktop/SaasGym/SaasGym/.angular/cache/21.2.8/SaasGym/vite/deps/chunk-FRA7QK43.js?v=1775b614:17069
[   41647ms] [WARNING] NG0913: An image with src http://localhost:4200/img/svima_white.webp has intrinsic file dimensions much larger than its rendered size. This can negatively impact application loading performance. For more information about addressing or disabling this warning, see https://v21.angular.dev/errors/NG0913. Find more at https://v21.angular.dev/errors/NG0913 @ http://localhost:4200/@fs/C:/Users/Jose/Desktop/SaasGym/SaasGym/.angular/cache/21.2.8/SaasGym/vite/deps/chunk-FRA7QK43.js?v=1775b614:26273
[   45932ms] [LOG] Angular is running in development mode. @ http://localhost:4200/@fs/C:/Users/Jose/Desktop/SaasGym/SaasGym/.angular/cache/21.2.8/SaasGym/vite/deps/chunk-FRA7QK43.js?v=1775b614:17069
[   46132ms] [WARNING] NG0913: An image with src http://localhost:4200/img/svima_white.webp has intrinsic file dimensions much larger than its rendered size. This can negatively impact application loading performance. For more information about addressing or disabling this warning, see https://v21.angular.dev/errors/NG0913. Find more at https://v21.angular.dev/errors/NG0913 @ http://localhost:4200/@fs/C:/Users/Jose/Desktop/SaasGym/SaasGym/.angular/cache/21.2.8/SaasGym/vite/deps/chunk-FRA7QK43.js?v=1775b614:26273
[ 1829236ms] [LOG] [vite] server connection lost. Polling for restart... @ http://localhost:4200/@vite/client:864
[ 3015219ms] [LOG] Angular is running in development mode. @ http://localhost:4200/@fs/C:/Users/Jose/Desktop/SaasGym/SaasGym/.angular/cache/21.2.8/SaasGym/vite/deps/chunk-FRA7QK43.js?v=1775b614:17069
[ 3015428ms] [WARNING] NG0913: An image with src http://localhost:4200/img/svima_white.webp has intrinsic file dimensions much larger than its rendered size. This can negatively impact application loading performance. For more information about addressing or disabling this warning, see https://v21.angular.dev/errors/NG0913. Find more at https://v21.angular.dev/errors/NG0913 @ http://localhost:4200/@fs/C:/Users/Jose/Desktop/SaasGym/SaasGym/.angular/cache/21.2.8/SaasGym/vite/deps/chunk-FRA7QK43.js?v=1775b614:26273
[ 3225964ms] [LOG] [vite] server connection lost. Polling for restart... @ http://localhost:4200/@vite/client:864
[ 3258076ms] [LOG] Angular is running in development mode. @ http://localhost:4200/@fs/C:/Users/Jose/Desktop/SaasGym/SaasGym/.angular/cache/21.2.8/SaasGym/vite/deps/chunk-FRA7QK43.js?v=1775b614:17069
[ 3258266ms] [WARNING] NG0913: An image with src http://localhost:4200/img/svima_white.webp has intrinsic file dimensions much larger than its rendered size. This can negatively impact application loading performance. For more information about addressing or disabling this warning, see https://v21.angular.dev/errors/NG0913. Find more at https://v21.angular.dev/errors/NG0913 @ http://localhost:4200/@fs/C:/Users/Jose/Desktop/SaasGym/SaasGym/.angular/cache/21.2.8/SaasGym/vite/deps/chunk-FRA7QK43.js?v=1775b614:26273
[15566900ms] [LOG] [vite] server connection lost. Polling for restart... @ http://localhost:4200/@vite/client:864
